.NET용 Microsoft (R) Build Engine 버전 17.2.2+038f9bae9
Copyright (C) Microsoft Corporation. All rights reserved.

  복원할 프로젝트를 확인하는 중...
  복원할 모든 프로젝트가 최신 상태입니다.
C:\Users\mcJo\.gemini\antigravity\scratch\OmniMixer\Audio\OutputChannel.cs(108,33): error CS1739: 'WasapiOut'에 가장 적합한 오버로드에는 'latencyMilliseconds' 매개 변수가 없습니다. [C:\Users\mcJo\.gemini\antigravity\scratch\OmniMixer\OmniMixer.csproj]
C:\Users\mcJo\.gemini\antigravity\scratch\OmniMixer\Audio\OutputChannel.cs(124,42): error CS0246: 'SampleToWaveProvider' 형식 또는 네임스페이스 이름을 찾을 수 없습니다. using 지시문 또는 어셈블리 참조가 있는지 확인하세요. [C:\Users\mcJo\.gemini\antigravity\scratch\OmniMixer\OmniMixer.csproj]
C:\Users\mcJo\.gemini\antigravity\scratch\OmniMixer\Audio\OutputChannel.cs(137,32): error CS0246: 'SampleToWaveProvider' 형식 또는 네임스페이스 이름을 찾을 수 없습니다. using 지시문 또는 어셈블리 참조가 있는지 확인하세요. [C:\Users\mcJo\.gemini\antigravity\scratch\OmniMixer\OmniMixer.csproj]

빌드하지 못했습니다.

C:\Users\mcJo\.gemini\antigravity\scratch\OmniMixer\Audio\OutputChannel.cs(108,33): error CS1739: 'WasapiOut'에 가장 적합한 오버로드에는 'latencyMilliseconds' 매개 변수가 없습니다. [C:\Users\mcJo\.gemini\antigravity\scratch\OmniMixer\OmniMixer.csproj]
C:\Users\mcJo\.gemini\antigravity\scratch\OmniMixer\Audio\OutputChannel.cs(124,42): error CS0246: 'SampleToWaveProvider' 형식 또는 네임스페이스 이름을 찾을 수 없습니다. using 지시문 또는 어셈블리 참조가 있는지 확인하세요. [C:\Users\mcJo\.gemini\antigravity\scratch\OmniMixer\OmniMixer.csproj]
C:\Users\mcJo\.gemini\antigravity\scratch\OmniMixer\Audio\OutputChannel.cs(137,32): error CS0246: 'SampleToWaveProvider' 형식 또는 네임스페이스 이름을 찾을 수 없습니다. using 지시문 또는 어셈블리 참조가 있는지 확인하세요. [C:\Users\mcJo\.gemini\antigravity\scratch\OmniMixer\OmniMixer.csproj]
    경고 0개
    오류 3개

경과 시간: 00:00:01.08
